Copyright 1986-2022 Xilinx, Inc. All Rights Reserved. Copyright 2022-2024 Advanced Micro Devices, Inc. All Rights Reserved.
------------------------------------------------------------------------------------------------------------------------------------------------------------------
| Tool Version : Vivado v.2024.1 (win64) Build 5076996 Wed May 22 18:37:14 MDT 2024
| Date         : Thu Feb 26 14:04:11 2026
| Host         : DESKTOP-4RVJPC8 running 64-bit major release  (build 9200)
| Command      : report_bus_skew -warn_on_violation -file eth_wrapper_bus_skew_routed.rpt -pb eth_wrapper_bus_skew_routed.pb -rpx eth_wrapper_bus_skew_routed.rpx
| Design       : eth_wrapper
| Device       : 7a100t-csg324
| Speed File   : -1  PRODUCTION 1.23 2018-06-13
| Design State : Routed
------------------------------------------------------------------------------------------------------------------------------------------------------------------

Bus Skew Report

No bus skew constraints

