#-----------------------------------------------------------
# Vivado v2024.1 (64-bit)
# SW Build 5076996 on Wed May 22 18:37:14 MDT 2024
# IP Build 5075265 on Wed May 22 21:45:21 MDT 2024
# SharedData Build 5076995 on Wed May 22 18:29:18 MDT 2024
# Start of session at: Sun Mar  1 14:01:50 2026
# Process ID: 18924
# Current directory: c:/Users/rfebb/Desktop/Projects/ethernetTest5/ethernetTest5.tmp/rmii_axis_v1_0_project/rmii_axis_v1_0_project.runs/synth_1
# Command line: vivado.exe -log rmii_axis_v1_0.vds -product Vivado -mode batch -messageDb vivado.pb -notrace -source rmii_axis_v1_0.tcl
# Log file: c:/Users/rfebb/Desktop/Projects/ethernetTest5/ethernetTest5.tmp/rmii_axis_v1_0_project/rmii_axis_v1_0_project.runs/synth_1/rmii_axis_v1_0.vds
# Journal file: c:/Users/rfebb/Desktop/Projects/ethernetTest5/ethernetTest5.tmp/rmii_axis_v1_0_project/rmii_axis_v1_0_project.runs/synth_1\vivado.jou
# Running On        :DESKTOP-4RVJPC8
# Platform          :Windows Server 2016 or Windows 10
# Operating System  :19045
# Processor Detail  :Intel(R) Core(TM) i5-10400F CPU @ 2.90GHz
# CPU Frequency     :2904 MHz
# CPU Physical cores:6
# CPU Logical cores :12
# Host memory       :17099 MB
# Swap memory       :5637 MB
# Total Virtual     :22736 MB
# Available Virtual :8345 MB
#-----------------------------------------------------------
source rmii_axis_v1_0.tcl -notrace
